// Jest Snapshot v1, https://goo.gl/fbAQLP

exports[`PhotoCard should match snapshot 1`] = `
<div
  class="PhotoCardstyled__Container-sc-mpou7f-0 guwiQZ"
>
  <img
    alt="Image-name"
    class="cardImage"
    src="www.google.com"
  />
  <p>
    Image-name
  </p>
  <div
    class="Downloadstyled__Container-sc-9k28x7-0 ezUDzu"
  >
    <div
      class="download"
    >
      <img
        alt="download icon"
        src="download.svg"
      />
    </div>
  </div>
  <div
    class="TrashCanstyled__TrashCan-sc-i65z8w-0 eBYaF"
  >
    <img
      alt="trash icon"
      class="trashCan"
      src="delete.svg"
    />
  </div>
</div>
`;
